Vercel CLI 59.25.4
npm warn install-scripts 1 package has install scripts not yet covered by allowScripts:
npm warn install-scripts   unrs-resolver@1.12.2 (postinstall: node postinstall.js)
npm warn install-scripts
npm warn install-scripts Run `npm install-scripts ls` to review, or `npm install-scripts approve <pkg>` to allow.
Failed to compile.
./src/app/api/group-stats/route.ts
Error:   x Route segment config "dynamic" is not compatible with `nextConfig.cacheComponents`. Please remove it.
    ,-[/vercel/path0/src/app/api/group-stats/route.ts:35:1]
 32 |   return NextResponse.json({ summaries });
 33 | };
 34 | 
 35 | export const dynamic = 'force-dynamic';
    :              ^^^^^^^
    `----
Import trace for requested module:
./src/app/api/group-stats/route.ts
> Build failed because of webpack errors
Error: Command "npm run build" exited with 1